Genotype : 288 params  (controller=280, body=8)

Running 200 generations  pop=100
Objectives : [flat, ice, hill]
Checkpoints: /home/profiche/ER_course/micro-515-EvoRob/results/test03_200gen

Generation 0:	[ 271.68635914  242.56891622 1035.11997556]
Mean fitness:	289.53 +- 95.63
Mean fitness per obj: ['272.47 +-12.78', '269.97 +-13.22', '326.16 +-158.37']
Generation 5:	[ 385.18426378  351.39550364 2374.11749004]
Mean fitness:	407.58 +- 326.39
Mean fitness per obj: ['278.05 +-22.61', '268.30 +-30.41', '676.39 +-457.95']
Generation 10:	[ 418.06437137  388.72956193 2936.49275803]
Mean fitness:	571.04 +- 560.34
Mean fitness per obj: ['304.85 +-60.34', '285.83 +-58.03', '1122.43 +-691.88']
Generation 15:	[ 538.10669474  448.47683173 3316.24651383]
Mean fitness:	699.44 +- 742.50
Mean fitness per obj: ['314.35 +-58.08', '288.07 +-60.50', '1495.91 +-833.68']
Generation 20:	[ 722.62930192  610.64814135 4068.89242915]
Mean fitness:	1023.61 +- 1146.07
Mean fitness per obj: ['364.46 +-104.68', '331.08 +-110.00', '2375.31 +-1084.54']
Generation 25:	[ 722.62930192  610.64814135 4068.89242915]
Mean fitness:	1391.42 +- 1433.63
Mean fitness per obj: ['481.82 +-160.67', '434.70 +-155.99', '3257.75 +-943.30']
Generation 30:	[ 827.58837217  733.72870461 5308.99686672]
Mean fitness:	1736.15 +- 1723.87
Mean fitness per obj: ['569.65 +-147.68', '527.74 +-135.67', '4111.05 +-643.33']
Generation 35:	[ 827.58837217  733.72870461 5308.99686672]
Mean fitness:	1787.02 +- 1766.93
Mean fitness per obj: ['600.79 +-155.46', '551.79 +-156.78', '4208.48 +-721.77']
Generation 40:	[ 881.99474229  825.16718886 5619.42306365]
Mean fitness:	1669.69 +- 1777.70
Mean fitness per obj: ['532.86 +-180.39', '496.04 +-174.90', '3980.18 +-1187.14']
Generation 45:	[ 900.05348942  830.09516748 6000.47336453]
Mean fitness:	1759.50 +- 1844.65
Mean fitness per obj: ['571.91 +-208.56', '536.04 +-201.25', '4170.54 +-1184.86']
Generation 50:	[1026.91375199  892.13114227 6454.50073074]
Mean fitness:	1752.05 +- 1901.07
Mean fitness per obj: ['558.45 +-214.36', '513.01 +-205.64', '4184.69 +-1369.81']
Generation 55:	[1026.91375199  892.13114227 6454.50073074]
Mean fitness:	1857.72 +- 1920.55
Mean fitness per obj: ['616.55 +-233.98', '579.66 +-232.11', '4376.95 +-1198.50']
Generation 60:	[1104.87934326 1081.10096796 6969.91090202]
Mean fitness:	2006.30 +- 2146.14
Mean fitness per obj: ['645.81 +-272.96', '601.23 +-255.14', '4771.87 +-1484.82']
Generation 65:	[1104.87934326 1081.10096796 6969.91090202]
Mean fitness:	2221.41 +- 2243.97
Mean fitness per obj: ['777.46 +-258.17', '711.60 +-249.74', '5175.17 +-1374.00']
Generation 70:	[1104.87934326 1081.10096796 6969.91090202]
Mean fitness:	2475.50 +- 2334.53
Mean fitness per obj: ['915.76 +-220.19', '843.39 +-211.60', '5667.34 +-986.13']
Generation 75:	[1104.87934326 1081.10096796 6969.91090202]
Mean fitness:	2472.90 +- 2379.17
Mean fitness per obj: ['890.64 +-232.74', '818.36 +-224.60', '5709.70 +-1076.48']
Generation 80:	[1137.34952981 1108.59577908 7198.98983882]
Mean fitness:	2439.65 +- 2377.73
Mean fitness per obj: ['892.46 +-276.89', '818.80 +-266.14', '5607.69 +-1325.08']
Generation 85:	[1137.34952981 1108.59577908 7198.98983882]
Mean fitness:	2567.13 +- 2420.77
Mean fitness per obj: ['937.11 +-248.68', '870.12 +-242.72', '5894.15 +-923.96']
Generation 90:	[1137.34952981 1108.59577908 7198.98983882]
Mean fitness:	2562.54 +- 2384.06
Mean fitness per obj: ['985.18 +-249.34', '909.53 +-248.78', '5792.92 +-1127.50']
Generation 95:	[1222.41748198 1140.94836355 7372.03441502]
Mean fitness:	2511.95 +- 2270.48
Mean fitness per obj: ['1013.93 +-262.83', '949.16 +-270.05', '5572.75 +-1126.22']
Generation 100:	[1222.41748198 1140.94836355 7372.03441502]
Mean fitness:	2569.23 +- 2308.22
Mean fitness per obj: ['1035.02 +-259.67', '976.60 +-252.59', '5696.06 +-1088.63']
Generation 105:	[1222.41748198 1140.94836355 7372.03441502]
Mean fitness:	2652.72 +- 2369.36
Mean fitness per obj: ['1063.61 +-239.26', '1009.40 +-238.53', '5885.15 +-1026.24']
Generation 110:	[1222.41748198 1140.94836355 7372.03441502]
Mean fitness:	2558.78 +- 2287.24
Mean fitness per obj: ['1069.40 +-281.87', '999.81 +-270.08', '5607.14 +-1265.23']
Generation 115:	[1222.41748198 1140.94836355 7372.03441502]
Mean fitness:	2644.18 +- 2314.11
Mean fitness per obj: ['1095.30 +-220.45', '1029.72 +-222.68', '5807.51 +-977.27']
Generation 120:	[1248.53657963 1160.02667405 7591.74977013]
Mean fitness:	2556.23 +- 2268.39
Mean fitness per obj: ['1075.39 +-264.26', '1005.40 +-255.48', '5587.89 +-1229.95']
Generation 125:	[1248.53657963 1160.02667405 7591.74977013]
Mean fitness:	2499.03 +- 2244.78
Mean fitness per obj: ['1020.38 +-309.75', '975.38 +-305.91', '5501.32 +-1185.74']
Generation 130:	[1248.53657963 1160.02667405 7591.74977013]
Mean fitness:	2541.81 +- 2231.99
Mean fitness per obj: ['1098.71 +-272.64', '1028.00 +-268.27', '5498.73 +-1296.71']
Generation 135:	[1248.53657963 1160.02667405 7591.74977013]
Mean fitness:	2619.42 +- 2268.13
Mean fitness per obj: ['1098.99 +-254.71', '1035.32 +-254.72', '5723.95 +-918.89']
Generation 140:	[1248.53657963 1160.02667405 7591.74977013]
Mean fitness:	2545.46 +- 2127.43
Mean fitness per obj: ['1158.82 +-222.40', '1074.06 +-225.16', '5403.49 +-1105.24']
Generation 145:	[1248.53657963 1160.02667405 7591.74977013]
Mean fitness:	2569.30 +- 2257.23
Mean fitness per obj: ['1088.53 +-302.01', '1030.51 +-287.10', '5588.84 +-1197.28']
Generation 150:	[1248.53657963 1160.02667405 7591.74977013]
Mean fitness:	2554.46 +- 2244.65
Mean fitness per obj: ['1088.98 +-274.14', '1006.00 +-266.27', '5568.39 +-1157.67']
Generation 155:	[1248.53657963 1160.02667405 7591.74977013]
Mean fitness:	2563.04 +- 2213.78
Mean fitness per obj: ['1103.42 +-269.90', '1049.01 +-276.51', '5536.68 +-1134.84']
Generation 160:	[1248.53657963 1160.02667405 7591.74977013]
Mean fitness:	2582.64 +- 2262.81
Mean fitness per obj: ['1115.09 +-268.88', '1044.45 +-260.83', '5588.38 +-1290.90']
Generation 165:	[1248.53657963 1160.02667405 7591.74977013]
Mean fitness:	2559.18 +- 2196.75
Mean fitness per obj: ['1128.35 +-279.58', '1052.83 +-275.19', '5496.36 +-1174.64']
Generation 170:	[1248.53657963 1160.02667405 7591.74977013]
Mean fitness:	2577.17 +- 2222.01
Mean fitness per obj: ['1121.21 +-273.18', '1034.72 +-263.93', '5575.57 +-1085.49']
Generation 175:	[1248.53657963 1160.02667405 7591.74977013]
Mean fitness:	2549.05 +- 2011.72
Mean fitness per obj: ['1214.55 +-196.23', '1166.63 +-181.82', '5265.97 +-997.92']
Generation 180:	[1248.53657963 1160.02667405 7591.74977013]
Mean fitness:	2568.07 +- 2116.55
Mean fitness per obj: ['1172.24 +-239.54', '1119.31 +-226.06', '5412.66 +-1091.76']
Generation 185:	[1248.53657963 1160.02667405 7591.74977013]
Mean fitness:	2539.61 +- 2068.64
Mean fitness per obj: ['1199.94 +-224.09', '1136.58 +-225.70', '5282.31 +-1204.59']
Generation 190:	[1248.53657963 1160.02667405 7591.74977013]
Mean fitness:	2613.00 +- 2142.07
Mean fitness per obj: ['1205.40 +-218.85', '1126.06 +-225.24', '5507.53 +-1046.97']
Generation 195:	[1248.53657963 1160.02667405 7591.74977013]
Mean fitness:	2526.96 +- 2086.38
Mean fitness per obj: ['1191.93 +-250.63', '1111.86 +-257.49', '5277.10 +-1257.67']

Training summary saved to: /home/profiche/ER_course/micro-515-EvoRob/results/test03_200gen/training_score.txt
200 generations took 80020.3s
Estimated 200 gen: 1333.7 minutes
