Genotype : 288 params  (controller=280, body=8)

Running 300 generations  pop=100
Objectives : [flat, ice, hill]
Checkpoints: /home/profiche/ER_course/micro-515-EvoRob/results/test04_200gen

Generation 0:	[177.45490465 171.14443634 669.42815854]
Mean fitness:	203.49 +- 99.23
Mean fitness per obj: ['149.71 +-12.51', '147.68 +-12.02', '313.07 +-105.96']
Generation 5:	[ 544.92137983  374.30396897 1711.25560194]
Mean fitness:	327.39 +- 268.39
Mean fitness per obj: ['201.29 +-67.12', '189.39 +-60.46', '591.49 +-321.32']
Generation 10:	[ 705.24612809  665.11391341 2404.39860437]
Mean fitness:	749.05 +- 668.30
Mean fitness per obj: ['384.88 +-163.11', '337.71 +-152.20', '1524.57 +-621.97']
Generation 15:	[1038.15424987 1008.96947593 2417.86866795]
Mean fitness:	1119.72 +- 877.07
Mean fitness per obj: ['558.73 +-191.50', '540.34 +-197.60', '2260.09 +-530.28']
Generation 20:	[1062.98570198 1064.90204435 2666.24391675]
Mean fitness:	1223.78 +- 900.34
Mean fitness per obj: ['641.61 +-198.06', '622.26 +-210.57', '2407.46 +-496.38']
Generation 25:	[1062.98570198 1064.90204435 2666.24391675]
Mean fitness:	1269.08 +- 910.87
Mean fitness per obj: ['697.45 +-202.58', '632.61 +-193.24', '2477.17 +-468.34']
Generation 30:	[1194.6090989  1172.30805469 3048.86844221]
Mean fitness:	1311.08 +- 936.04
Mean fitness per obj: ['731.12 +-232.49', '679.50 +-229.83', '2522.61 +-564.45']
Generation 35:	[1194.6090989  1172.30805469 3048.86844221]
Mean fitness:	1484.85 +- 961.62
Mean fitness per obj: ['847.75 +-229.32', '840.31 +-239.04', '2766.48 +-447.76']
Generation 40:	[1194.6090989  1172.30805469 3048.86844221]
Mean fitness:	1456.41 +- 971.43
Mean fitness per obj: ['827.13 +-223.56', '811.97 +-230.85', '2730.15 +-542.26']
Generation 45:	[1194.6090989  1172.30805469 3048.86844221]
Mean fitness:	1477.93 +- 937.71
Mean fitness per obj: ['885.57 +-248.09', '853.96 +-252.84', '2694.25 +-541.10']
Generation 50:	[1194.6090989  1172.30805469 3048.86844221]
Mean fitness:	1502.13 +- 922.61
Mean fitness per obj: ['914.86 +-225.55', '886.77 +-217.95', '2704.75 +-534.23']
Generation 55:	[1194.6090989  1172.30805469 3048.86844221]
Mean fitness:	1476.01 +- 846.56
Mean fitness per obj: ['959.95 +-235.44', '929.30 +-249.53', '2538.77 +-581.06']
Generation 60:	[1479.0483852  1413.32271121 4234.30715602]
Mean fitness:	1436.93 +- 927.01
Mean fitness per obj: ['887.76 +-285.72', '834.70 +-262.10', '2588.32 +-661.62']
Generation 65:	[1479.0483852  1413.32271121 4234.30715602]
Mean fitness:	1457.24 +- 902.97
Mean fitness per obj: ['933.55 +-255.35', '908.09 +-307.32', '2530.08 +-748.06']
Generation 70:	[1479.0483852  1413.32271121 4234.30715602]
Mean fitness:	1540.15 +- 856.96
Mean fitness per obj: ['1061.08 +-246.98', '1006.52 +-256.19', '2552.85 +-732.58']
Generation 75:	[1552.83377526 1671.75567023 4467.13363564]
Mean fitness:	1667.30 +- 866.45
Mean fitness per obj: ['1180.91 +-309.38', '1124.23 +-257.11', '2696.76 +-706.47']
Generation 80:	[1552.83377526 1671.75567023 4467.13363564]
Mean fitness:	1901.12 +- 928.68
Mean fitness per obj: ['1351.23 +-267.22', '1284.76 +-287.14', '3067.37 +-625.33']
Generation 85:	[1552.83377526 1671.75567023 4467.13363564]
Mean fitness:	2010.93 +- 965.96
Mean fitness per obj: ['1377.32 +-295.41', '1415.09 +-268.62', '3240.39 +-609.72']
Generation 90:	[1746.08737612 1673.3578222  5263.04130695]
Mean fitness:	2031.14 +- 904.72
Mean fitness per obj: ['1488.12 +-310.10', '1444.78 +-257.39', '3160.52 +-615.60']
Generation 95:	[1746.08737612 1673.3578222  5263.04130695]
Mean fitness:	2069.01 +- 952.46
Mean fitness per obj: ['1488.59 +-295.17', '1462.93 +-289.88', '3255.51 +-662.09']
Generation 100:	[1746.08737612 1673.3578222  5263.04130695]
Mean fitness:	2100.60 +- 946.54
Mean fitness per obj: ['1528.18 +-295.81', '1501.85 +-266.26', '3271.76 +-686.77']
Generation 105:	[1746.08737612 1673.3578222  5263.04130695]
Mean fitness:	2065.90 +- 874.88
Mean fitness per obj: ['1539.34 +-265.66', '1501.05 +-260.39', '3157.31 +-608.58']
Generation 110:	[1746.08737612 1673.3578222  5263.04130695]
Mean fitness:	2054.45 +- 861.13
Mean fitness per obj: ['1591.18 +-257.79', '1492.05 +-278.42', '3080.11 +-705.53']
Generation 115:	[1746.08737612 1673.3578222  5263.04130695]
Mean fitness:	2123.20 +- 930.95
Mean fitness per obj: ['1572.19 +-269.08', '1540.24 +-284.18', '3257.17 +-719.38']
Generation 120:	[1746.08737612 1673.3578222  5263.04130695]
Mean fitness:	2102.56 +- 939.43
Mean fitness per obj: ['1576.86 +-297.58', '1478.64 +-296.01', '3252.17 +-695.83']
Generation 125:	[1876.21054408 1873.80177266 5291.47105699]
Mean fitness:	2159.89 +- 911.55
Mean fitness per obj: ['1621.91 +-263.22', '1583.69 +-235.86', '3274.06 +-710.65']
Generation 130:	[1876.21054408 1873.80177266 5291.47105699]
Mean fitness:	2126.29 +- 912.45
Mean fitness per obj: ['1573.81 +-297.08', '1577.94 +-270.60', '3227.11 +-720.06']
Generation 135:	[1876.21054408 1873.80177266 5291.47105699]
Mean fitness:	2095.95 +- 879.48
Mean fitness per obj: ['1569.48 +-292.84', '1566.97 +-268.70', '3151.40 +-701.09']
Generation 140:	[1876.21054408 1873.80177266 5291.47105699]
Mean fitness:	2164.57 +- 890.89
Mean fitness per obj: ['1665.21 +-247.56', '1600.20 +-266.77', '3228.29 +-741.09']
Generation 145:	[1876.21054408 1873.80177266 5291.47105699]
Mean fitness:	2101.87 +- 883.68
Mean fitness per obj: ['1603.58 +-303.89', '1592.36 +-268.17', '3109.66 +-809.25']
Generation 150:	[1876.21054408 1873.80177266 5291.47105699]
Mean fitness:	2111.27 +- 882.89
Mean fitness per obj: ['1588.44 +-291.21', '1581.21 +-247.78', '3164.16 +-727.59']
Generation 155:	[1876.21054408 1873.80177266 5291.47105699]
Mean fitness:	2092.72 +- 909.42
Mean fitness per obj: ['1545.60 +-316.77', '1575.93 +-280.34', '3156.62 +-777.13']
Generation 160:	[1876.21054408 1873.80177266 5291.47105699]
Mean fitness:	2165.69 +- 943.57
Mean fitness per obj: ['1631.11 +-273.87', '1569.85 +-243.01', '3296.10 +-786.32']
Generation 165:	[1876.21054408 1873.80177266 5291.47105699]
Mean fitness:	2116.86 +- 904.88
Mean fitness per obj: ['1564.56 +-302.27', '1561.47 +-279.97', '3224.55 +-668.00']
Generation 170:	[1876.21054408 1873.80177266 5291.47105699]
Mean fitness:	2077.73 +- 876.27
Mean fitness per obj: ['1578.03 +-239.58', '1509.80 +-312.54', '3145.35 +-660.61']
Generation 175:	[1876.21054408 1873.80177266 5291.47105699]
Mean fitness:	2075.94 +- 875.95
Mean fitness per obj: ['1541.96 +-323.33', '1593.53 +-269.11', '3092.31 +-757.64']
Generation 180:	[1876.21054408 1873.80177266 5291.47105699]
Mean fitness:	2134.20 +- 886.73
Mean fitness per obj: ['1613.60 +-288.77', '1595.32 +-253.35', '3193.68 +-726.21']
Generation 185:	[1876.21054408 1873.80177266 5291.47105699]
Mean fitness:	2131.49 +- 905.88
Mean fitness per obj: ['1639.41 +-269.81', '1549.11 +-272.02', '3205.97 +-761.07']
Generation 190:	[1876.21054408 1873.80177266 5291.47105699]
Mean fitness:	2118.53 +- 884.93
Mean fitness per obj: ['1592.01 +-292.46', '1619.09 +-288.10', '3144.50 +-775.58']
Generation 195:	[1876.21054408 1873.80177266 5291.47105699]
Mean fitness:	2120.20 +- 870.70
Mean fitness per obj: ['1639.50 +-283.95', '1566.93 +-276.39', '3154.16 +-714.90']
Generation 200:	[1876.21054408 1873.80177266 5291.47105699]
Mean fitness:	2112.78 +- 858.82
Mean fitness per obj: ['1638.81 +-285.70', '1589.54 +-274.16', '3109.99 +-750.38']
Generation 205:	[1876.21054408 1873.80177266 5291.47105699]
Mean fitness:	2148.78 +- 894.13
Mean fitness per obj: ['1606.04 +-259.59', '1623.86 +-252.73', '3216.44 +-746.43']
Generation 210:	[1876.21054408 1873.80177266 5291.47105699]
Mean fitness:	2154.85 +- 899.96
Mean fitness per obj: ['1624.04 +-316.87', '1624.58 +-271.85', '3215.94 +-752.75']
Generation 215:	[1876.21054408 1873.80177266 5291.47105699]
Mean fitness:	2140.84 +- 923.10
Mean fitness per obj: ['1583.12 +-336.78', '1595.41 +-269.21', '3244.00 +-738.22']
Generation 220:	[1876.21054408 1873.80177266 5291.47105699]
Mean fitness:	2107.52 +- 839.34
Mean fitness per obj: ['1619.87 +-281.38', '1608.93 +-270.85', '3093.75 +-708.42']
Generation 225:	[1876.21054408 1873.80177266 5291.47105699]
Mean fitness:	2142.47 +- 939.86
Mean fitness per obj: ['1616.21 +-265.40', '1544.21 +-335.43', '3267.00 +-753.44']
Generation 230:	[1876.21054408 1873.80177266 5291.47105699]
Mean fitness:	2123.93 +- 866.89
Mean fitness per obj: ['1637.06 +-298.46', '1632.64 +-231.09', '3102.09 +-822.69']
Generation 235:	[1876.21054408 1873.80177266 5291.47105699]
Mean fitness:	2094.56 +- 828.92
Mean fitness per obj: ['1651.94 +-287.32', '1591.45 +-284.96', '3040.30 +-744.37']
Generation 240:	[1876.21054408 1873.80177266 5291.47105699]
Mean fitness:	2128.19 +- 868.68
Mean fitness per obj: ['1642.24 +-309.13', '1586.44 +-277.91', '3155.88 +-710.78']
Generation 245:	[1876.21054408 1873.80177266 5291.47105699]
Mean fitness:	2174.70 +- 940.49
Mean fitness per obj: ['1665.22 +-279.01', '1590.20 +-298.47', '3268.69 +-829.82']
Generation 250:	[1876.21054408 1873.80177266 5291.47105699]
Mean fitness:	2092.96 +- 829.85
Mean fitness per obj: ['1654.07 +-317.18', '1591.47 +-294.90', '3033.33 +-741.60']
Generation 255:	[1876.21054408 1873.80177266 5291.47105699]
Mean fitness:	2172.35 +- 909.27
Mean fitness per obj: ['1648.27 +-300.73', '1607.24 +-257.67', '3261.53 +-736.99']
Generation 260:	[1876.21054408 1873.80177266 5291.47105699]
Mean fitness:	2097.02 +- 870.50
Mean fitness per obj: ['1628.83 +-278.72', '1560.55 +-304.45', '3101.68 +-765.90']
Generation 265:	[1876.21054408 1873.80177266 5291.47105699]
Mean fitness:	2094.08 +- 862.82
Mean fitness per obj: ['1621.37 +-305.07', '1617.89 +-274.34', '3043.00 +-845.22']
Generation 270:	[1876.21054408 1873.80177266 5291.47105699]
Mean fitness:	2095.86 +- 855.22
Mean fitness per obj: ['1598.73 +-296.20', '1593.72 +-261.82', '3095.13 +-734.92']
Generation 275:	[1876.21054408 1873.80177266 5291.47105699]
Mean fitness:	2146.44 +- 867.93
Mean fitness per obj: ['1638.83 +-257.47', '1621.53 +-276.87', '3178.96 +-719.50']
Generation 280:	[1876.21054408 1873.80177266 5291.47105699]
Mean fitness:	2156.20 +- 888.66
Mean fitness per obj: ['1642.22 +-278.36', '1616.25 +-234.87', '3210.12 +-755.03']
Generation 285:	[1876.21054408 1873.80177266 5291.47105699]
Mean fitness:	2126.28 +- 899.40
Mean fitness per obj: ['1683.89 +-245.23', '1544.57 +-310.69', '3150.39 +-828.99']
Generation 290:	[1876.21054408 1873.80177266 5291.47105699]
Mean fitness:	2139.63 +- 896.51
Mean fitness per obj: ['1606.21 +-311.68', '1580.86 +-260.26', '3231.81 +-675.78']
Generation 295:	[1876.21054408 1873.80177266 5291.47105699]
Mean fitness:	2091.42 +- 892.90
Mean fitness per obj: ['1610.83 +-309.10', '1556.98 +-278.73', '3106.46 +-819.57']

Training summary saved to: /home/profiche/ER_course/micro-515-EvoRob/results/test04_200gen/training_score.txt
300 generations took 56906.8s
Estimated 200 gen: 632.3 minutes
