Genotype : 252 params  (controller=248, body=4)

Running 200 generations  pop=100
Objectives : [flat, ice, hill]
Checkpoints: /home/profiche/ER_course/micro-515-EvoRob/results/test02_200gen

Generation 0:	[-94.93415726 -69.99112026 -54.49915425]
Mean fitness:	-393.01 +- 461.72
Mean fitness per obj: ['-357.65 +-329.10', '-581.29 +-568.40', '-240.08 +-384.83']
Generation 5:	[-63.72567231 -55.583999   -39.63281279]
Mean fitness:	-134.82 +- 383.55
Mean fitness per obj: ['-91.34 +-161.72', '-127.53 +-154.51', '-185.58 +-621.92']
Generation 10:	[-63.72567231 -55.583999   -39.63281279]
Mean fitness:	-89.19 +- 65.55
Mean fitness per obj: ['-63.02 +-49.70', '-94.46 +-68.36', '-110.08 +-67.81']
Generation 15:	[-15.02831193 -43.60335381 -34.81178781]
Mean fitness:	-87.20 +- 65.92
Mean fitness per obj: ['-54.22 +-36.76', '-80.72 +-39.05', '-126.66 +-86.45']
Generation 20:	[-15.02831193 -43.60335381 -34.81178781]
Mean fitness:	-134.08 +- 524.85
Mean fitness per obj: ['-52.36 +-32.16', '-78.73 +-33.12', '-271.15 +-892.05']
Generation 25:	[-15.02831193 -43.60335381 -34.81178781]
Mean fitness:	-106.23 +- 385.15
Mean fitness per obj: ['-51.50 +-34.57', '-80.63 +-38.91', '-186.58 +-657.42']
Generation 30:	[ -9.6286494  -29.36686066 -30.46441829]
Mean fitness:	-132.66 +- 624.29
Mean fitness per obj: ['-52.49 +-30.85', '-74.01 +-30.21', '-271.47 +-1066.88']
Generation 35:	[ -9.6286494  -29.36686066 -30.46441829]
Mean fitness:	-105.96 +- 318.83
Mean fitness per obj: ['-62.74 +-57.61', '-80.70 +-41.23', '-174.44 +-541.06']
Generation 40:	[ -9.6286494  -29.36686066 -30.46441829]
Mean fitness:	-86.56 +- 94.30
Mean fitness per obj: ['-54.33 +-35.87', '-71.73 +-26.46', '-133.62 +-145.66']
Generation 45:	[ -9.6286494  -29.36686066 -30.46441829]
Mean fitness:	-113.46 +- 464.78
Mean fitness per obj: ['-49.28 +-33.68', '-93.61 +-84.83', '-197.48 +-792.56']
Generation 50:	[ -9.6286494  -29.36686066 -30.46441829]
Mean fitness:	-120.43 +- 402.59
Mean fitness per obj: ['-63.39 +-47.78', '-76.10 +-34.05', '-221.81 +-683.59']
Generation 55:	[ -9.6286494  -29.36686066 -30.46441829]
Mean fitness:	-138.29 +- 710.88
Mean fitness per obj: ['-48.76 +-33.53', '-79.32 +-42.02', '-286.78 +-1216.39']
Generation 60:	[ -9.6286494  -29.36686066 -30.46441829]
Mean fitness:	-106.09 +- 342.75
Mean fitness per obj: ['-55.61 +-40.92', '-80.55 +-38.36', '-182.11 +-583.36']
Generation 65:	[ -9.6286494  -29.36686066 -30.46441829]
Mean fitness:	-110.89 +- 366.16
Mean fitness per obj: ['-47.62 +-33.33', '-82.79 +-68.17', '-202.25 +-619.13']
Generation 70:	[ -9.6286494  -29.36686066 -30.46441829]
Mean fitness:	-114.64 +- 366.96
Mean fitness per obj: ['-57.04 +-40.74', '-83.00 +-52.75', '-203.87 +-622.30']
Generation 75:	[ -9.6286494  -29.36686066 -30.46441829]
Mean fitness:	-81.07 +- 61.75
Mean fitness per obj: ['-51.05 +-33.54', '-74.52 +-39.92', '-117.65 +-80.24']
Generation 80:	[ -9.6286494  -29.36686066 -30.46441829]
Mean fitness:	-93.15 +- 90.21
Mean fitness per obj: ['-49.14 +-32.74', '-83.15 +-68.35', '-147.16 +-117.12']
Generation 85:	[ -9.6286494  -29.36686066 -30.46441829]
Mean fitness:	-86.75 +- 84.12
Mean fitness per obj: ['-49.90 +-32.10', '-79.57 +-62.26', '-130.79 +-113.90']
Generation 90:	[ -9.6286494  -29.36686066 -30.46441829]
Mean fitness:	-121.18 +- 762.99
Mean fitness per obj: ['-56.19 +-36.91', '-79.43 +-40.42', '-227.91 +-1313.82']
Generation 95:	[ -9.6286494  -29.36686066 -30.46441829]
Mean fitness:	-111.37 +- 330.42
Mean fitness per obj: ['-62.58 +-41.93', '-73.74 +-33.95', '-197.78 +-559.78']
Generation 100:	[ -9.6286494  -29.36686066 -30.46441829]
Mean fitness:	-155.58 +- 610.77
Mean fitness per obj: ['-56.87 +-36.28', '-82.02 +-41.18', '-327.84 +-1035.03']
Generation 105:	[ -9.6286494  -29.36686066 -30.46441829]
Mean fitness:	-103.26 +- 347.79
Mean fitness per obj: ['-46.42 +-25.65', '-75.89 +-39.64', '-187.48 +-591.25']
Generation 110:	[ -9.6286494  -29.36686066 -30.46441829]
Mean fitness:	-83.06 +- 83.50
Mean fitness per obj: ['-47.91 +-26.46', '-75.19 +-27.63', '-126.10 +-127.69']
Generation 115:	[ -9.6286494  -29.36686066 -30.46441829]
Mean fitness:	-89.36 +- 118.82
Mean fitness per obj: ['-54.42 +-38.00', '-83.08 +-57.37', '-130.59 +-186.16']
Generation 120:	[ -9.6286494  -29.36686066 -30.46441829]
Mean fitness:	-99.46 +- 278.24
Mean fitness per obj: ['-52.92 +-31.33', '-66.84 +-33.85', '-178.63 +-469.71']
Generation 125:	[ -9.6286494  -29.36686066 -30.46441829]
Mean fitness:	-158.61 +- 688.87
Mean fitness per obj: ['-51.45 +-36.06', '-76.88 +-70.40', '-347.51 +-1167.71']
Generation 130:	[ -9.6286494  -29.36686066 -30.46441829]
Mean fitness:	-159.13 +- 918.55
Mean fitness per obj: ['-51.85 +-29.96', '-74.22 +-36.56', '-351.30 +-1572.68']
Generation 135:	[ -9.6286494  -29.36686066 -30.46441829]
Mean fitness:	-165.84 +- 836.94
Mean fitness per obj: ['-47.26 +-27.33', '-70.83 +-28.49', '-379.42 +-1425.18']
Generation 140:	[ -9.6286494  -29.36686066 -30.46441829]
Mean fitness:	-79.12 +- 59.41
Mean fitness per obj: ['-50.96 +-28.33', '-74.19 +-37.33', '-112.20 +-80.50']
Generation 145:	[ -9.6286494  -29.36686066 -30.46441829]
Mean fitness:	-88.18 +- 106.74
Mean fitness per obj: ['-46.03 +-24.65', '-77.59 +-37.44', '-140.93 +-165.84']
Generation 150:	[ -9.6286494  -29.36686066 -30.46441829]
Mean fitness:	-123.80 +- 603.65
Mean fitness per obj: ['-49.27 +-24.22', '-79.78 +-38.14', '-242.33 +-1034.22']
Generation 155:	[ -9.6286494  -29.36686066 -30.46441829]
Mean fitness:	-92.01 +- 227.69
Mean fitness per obj: ['-51.51 +-32.28', '-71.78 +-30.52', '-152.73 +-384.46']
Generation 160:	[ -9.6286494  -29.36686066 -30.46441829]
Mean fitness:	-86.55 +- 68.53
Mean fitness per obj: ['-52.96 +-40.23', '-80.82 +-42.14', '-125.87 +-89.38']
Generation 165:	[ -9.6286494  -29.36686066 -30.46441829]
Mean fitness:	-84.76 +- 70.43
Mean fitness per obj: ['-55.53 +-42.00', '-76.27 +-40.46', '-122.47 +-95.56']
Generation 170:	[ -9.6286494  -29.36686066 -30.46441829]
Mean fitness:	-84.12 +- 74.89
Mean fitness per obj: ['-58.50 +-39.11', '-76.58 +-38.33', '-117.28 +-109.61']
Generation 175:	[ -9.6286494  -29.36686066 -30.46441829]
Mean fitness:	-140.60 +- 592.09
Mean fitness per obj: ['-53.18 +-32.55', '-72.44 +-40.52', '-296.17 +-1006.24']
Generation 180:	[ -9.6286494  -29.36686066 -30.46441829]
Mean fitness:	-77.87 +- 53.74
Mean fitness per obj: ['-52.65 +-32.78', '-73.68 +-30.57', '-107.28 +-71.66']
Generation 185:	[ -9.6286494  -29.36686066 -30.46441829]
Mean fitness:	-99.69 +- 225.65
Mean fitness per obj: ['-50.72 +-38.97', '-81.01 +-61.31', '-167.33 +-374.38']
Generation 190:	[ -9.6286494  -29.36686066 -30.46441829]
Mean fitness:	-123.06 +- 775.64
Mean fitness per obj: ['-46.31 +-29.83', '-74.44 +-34.54', '-248.42 +-1333.72']
Generation 195:	[ -9.6286494  -29.36686066 -30.46441829]
Mean fitness:	-161.39 +- 881.49
Mean fitness per obj: ['-56.10 +-43.20', '-74.85 +-43.71', '-353.21 +-1507.30']

Training summary saved to: /home/profiche/ER_course/micro-515-EvoRob/results/test02_200gen/training_score.txt
